24-11-2025 22:12:36:1236 [31merror[39m: [31m❌ JWT expiré :[39m
24-11-2025 22:12:57:1257 [33mwarn[39m: [33m❌ Le mot de passe ne correspond pas au hash de la BDD.[39m
24-11-2025 23:25:02:252 [31merror[39m: [31m❌ JWT expiré :[39m
24-11-2025 23:25:02:252 [31merror[39m: [31m❌ JWT expiré :[39m
24-11-2025 23:25:07:257 [31merror[39m: [31m❌ JWT expiré :[39m
24-11-2025 23:25:07:257 [31merror[39m: [31m❌ JWT expiré :[39m
24-11-2025 23:25:07:257 [31merror[39m: [31m❌ JWT expiré :[39m
24-11-2025 23:25:07:257 [31merror[39m: [31m❌ JWT expiré :[39m
24-11-2025 23:25:10:2510 [31merror[39m: [31m❌ JWT expiré :[39m
24-11-2025 23:25:10:2510 [31merror[39m: [31m❌ JWT expiré :[39m
24-11-2025 23:25:11:2511 [31merror[39m: [31m❌ JWT expiré :[39m
24-11-2025 23:25:11:2511 [31merror[39m: [31m❌ JWT expiré :[39m
24-11-2025 23:25:20:2520 [31merror[39m: [31m❌ JWT expiré :[39m
24-11-2025 23:25:20:2520 [31merror[39m: [31m❌ JWT expiré :[39m
24-11-2025 23:25:21:2521 [31merror[39m: [31m❌ JWT expiré :[39m
24-11-2025 23:25:21:2521 [31merror[39m: [31m❌ JWT expiré :[39m
24-11-2025 23:25:21:2521 [31merror[39m: [31m❌ JWT expiré :[39m
24-11-2025 23:25:21:2521 [31merror[39m: [31m❌ JWT expiré :[39m
24-11-2025 23:25:23:2523 [31merror[39m: [31m❌ JWT expiré :[39m
24-11-2025 23:25:23:2523 [31merror[39m: [31m❌ JWT expiré :[39m
24-11-2025 23:25:36:2536 [33mwarn[39m: [33m❌ Le mot de passe ne correspond pas au hash de la BDD.[39m
25-11-2025 03:50:37:5037 [31merror[39m: [31m❌ JWT expiré :[39m
25-11-2025 03:50:37:5037 [31merror[39m: [31m❌ JWT expiré :[39m
25-11-2025 03:50:37:5037 [31merror[39m: [31m❌ JWT expiré :[39m
25-11-2025 09:13:11:1311 [31merror[39m: [31m❌ JWT expiré :[39m
25-11-2025 09:13:11:1311 [31merror[39m: [31m❌ JWT expiré :[39m
25-11-2025 09:13:13:1313 [31merror[39m: [31m❌ JWT expiré :[39m
25-11-2025 09:13:13:1313 [31merror[39m: [31m❌ JWT expiré :[39m
25-11-2025 09:13:14:1314 [31merror[39m: [31m❌ JWT expiré :[39m
25-11-2025 09:13:14:1314 [31merror[39m: [31m❌ JWT expiré :[39m
25-11-2025 09:14:19:1419 [33mwarn[39m: [33m❌ Le mot de passe ne correspond pas au hash de la BDD.[39m
25-11-2025 12:12:52:1252 [31merror[39m: [31m❌ JWT expiré :[39m
25-11-2025 12:12:52:1252 [31merror[39m: [31m❌ JWT expiré :[39m
25-11-2025 12:13:08:138 [31merror[39m: [31m❌ JWT expiré :[39m
25-11-2025 12:13:08:138 [31merror[39m: [31m❌ JWT expiré :[39m
25-11-2025 12:13:12:1312 [31merror[39m: [31m❌ JWT expiré :[39m
25-11-2025 12:13:12:1312 [31merror[39m: [31m❌ JWT expiré :[39m
25-11-2025 12:13:12:1312 [31merror[39m: [31m❌ JWT expiré :[39m
25-11-2025 12:13:12:1312 [31merror[39m: [31m❌ JWT expiré :[39m
25-11-2025 12:13:12:1312 [31merror[39m: [31m❌ JWT expiré :[39m
25-11-2025 12:13:12:1312 [31merror[39m: [31m❌ JWT expiré :[39m
25-11-2025 13:58:03:583 [31merror[39m: [31m❌ JWT expiré :[39m
25-11-2025 13:58:03:583 [31merror[39m: [31m❌ JWT expiré :[39m
25-11-2025 13:58:03:583 [31merror[39m: [31m❌ JWT expiré :[39m
25-11-2025 13:58:05:585 [31merror[39m: [31m❌ JWT expiré :[39m
25-11-2025 13:58:05:585 [31merror[39m: [31m❌ JWT expiré :[39m
25-11-2025 13:58:06:586 [31merror[39m: [31m❌ JWT expiré :[39m
25-11-2025 13:58:06:586 [31merror[39m: [31m❌ JWT expiré :[39m
25-11-2025 13:58:07:587 [31merror[39m: [31m❌ JWT expiré :[39m
25-11-2025 13:58:07:587 [31merror[39m: [31m❌ JWT expiré :[39m
25-11-2025 13:58:07:587 [31merror[39m: [31m❌ JWT expiré :[39m
25-11-2025 13:58:07:587 [31merror[39m: [31m❌ JWT expiré :[39m
25-11-2025 13:58:07:587 [31merror[39m: [31m❌ JWT expiré :[39m
25-11-2025 13:58:07:587 [31merror[39m: [31m❌ JWT expiré :[39m
25-11-2025 13:58:07:587 [31merror[39m: [31m❌ JWT expiré :[39m
25-11-2025 13:58:07:587 [31merror[39m: [31m❌ JWT expiré :[39m
25-11-2025 13:58:24:5824 [33mwarn[39m: [33m❌ Le mot de passe ne correspond pas au hash de la BDD.[39m
25-11-2025 16:02:37:237 [31merror[39m: [31m❌ JWT expiré :[39m
25-11-2025 16:02:37:237 [31merror[39m: [31m❌ JWT expiré :[39m
25-11-2025 16:02:37:237 [31merror[39m: [31m❌ JWT expiré :[39m
25-11-2025 16:35:45:3545 [33mwarn[39m: [33m❌ Le mot de passe ne correspond pas au hash de la BDD.[39m
26-11-2025 12:51:29:5129 [33mwarn[39m: [33m❌ Le mot de passe ne correspond pas au hash de la BDD.[39m
26-11-2025 16:10:53:1053 [31merror[39m: [31m❌ JWT expiré :[39m
26-11-2025 16:10:53:1053 [31merror[39m: [31m❌ JWT expiré :[39m
26-11-2025 16:10:53:1053 [31merror[39m: [31m❌ JWT expiré :[39m
26-11-2025 16:10:57:1057 [31merror[39m: [31m❌ JWT expiré :[39m
26-11-2025 16:10:57:1057 [31merror[39m: [31m❌ JWT expiré :[39m
26-11-2025 16:10:58:1058 [31merror[39m: [31m❌ JWT expiré :[39m
26-11-2025 16:10:58:1058 [31merror[39m: [31m❌ JWT expiré :[39m
26-11-2025 16:10:59:1059 [31merror[39m: [31m❌ JWT expiré :[39m
26-11-2025 16:10:59:1059 [31merror[39m: [31m❌ JWT expiré :[39m
26-11-2025 16:10:59:1059 [31merror[39m: [31m❌ JWT expiré :[39m
26-11-2025 16:10:59:1059 [31merror[39m: [31m❌ JWT expiré :[39m
26-11-2025 16:10:59:1059 [31merror[39m: [31m❌ JWT expiré :[39m
26-11-2025 16:10:59:1059 [31merror[39m: [31m❌ JWT expiré :[39m
26-11-2025 16:11:00:110 [31merror[39m: [31m❌ JWT expiré :[39m
26-11-2025 16:11:00:110 [31merror[39m: [31m❌ JWT expiré :[39m
26-11-2025 16:11:01:111 [31merror[39m: [31m❌ JWT expiré :[39m
26-11-2025 16:11:01:111 [31merror[39m: [31m❌ JWT expiré :[39m
26-11-2025 19:40:31:4031 [31merror[39m: [31m❌ Erreur lors de la création de session : Error: Data truncated for column 'status' at row 1[39m
26-11-2025 19:40:31:4031 [31merror[39m: [31m❌ Erreur lors de la création de session : Error: Data truncated for column 'status' at row 1[39m
26-11-2025 21:15:04:154 [31merror[39m: [31m❌ JWT expiré :[39m
26-11-2025 21:15:04:154 [31merror[39m: [31m❌ JWT expiré :[39m
26-11-2025 21:15:04:154 [31merror[39m: [31m❌ JWT expiré :[39m
26-11-2025 21:15:18:1518 [31merror[39m: [31m❌ Erreur lors de la création de session : Error: Field 'expires_at' doesn't have a default value[39m
26-11-2025 21:15:18:1518 [31merror[39m: [31m❌ Erreur lors de la création de session : Error: Field 'expires_at' doesn't have a default value[39m
26-11-2025 21:17:05:175 [31merror[39m: [31m❌ Erreur lors de la création de session : Error: Field 'expires_at' doesn't have a default value[39m
26-11-2025 21:21:48:2148 [31merror[39m: [31m❌ Erreur lors de la création de session : Error: Field 'expires_at' doesn't have a default value[39m
26-11-2025 21:47:23:4723 [31merror[39m: [31m❌ Erreur lors de la création de session : Error: Field 'expires_at' doesn't have a default value[39m
26-11-2025 21:48:25:4825 [31merror[39m: [31m❌ Erreur lors de la création de session : Error: Column count doesn't match value count at row 1[39m
26-11-2025 21:49:22:4922 [31merror[39m: [31m❌ Erreur lors de la création de session : Error: Column count doesn't match value count at row 1[39m
26-11-2025 22:21:29:2129 [31merror[39m: [31m❌ JWT expiré :[39m
26-11-2025 22:21:44:2144 [33mwarn[39m: [33m❌ Le mot de passe ne correspond pas au hash de la BDD.[39m
26-11-2025 23:58:16:5816 [31merror[39m: [31m❌ JWT expiré :[39m
26-11-2025 23:58:16:5816 [31merror[39m: [31m❌ JWT expiré :[39m
26-11-2025 23:58:16:5816 [31merror[39m: [31m❌ JWT expiré :[39m
27-11-2025 12:29:07:297 [33mwarn[39m: [33m❌ Le mot de passe ne correspond pas au hash de la BDD.[39m
27-11-2025 13:58:15:5815 [31merror[39m: [31m❌ JWT expiré :[39m
27-11-2025 13:58:15:5815 [31merror[39m: [31m❌ JWT expiré :[39m
27-11-2025 13:58:15:5815 [31merror[39m: [31m❌ JWT expiré :[39m
27-11-2025 13:58:15:5815 [31merror[39m: [31m❌ JWT expiré :[39m
27-11-2025 13:58:15:5815 [31merror[39m: [31m❌ JWT expiré :[39m
27-11-2025 14:41:25:4125 [31merror[39m: [31m❌ Erreur lors de la création de session : Error: Incorrect datetime value: '2025-11-27T14:41:25.717Z' for column 'expires_at' at row 1[39m
27-11-2025 14:41:25:4125 [31merror[39m: [31m❌ Erreur lors de la création de session : Error: Incorrect datetime value: '2025-11-27T14:41:25.717Z' for column 'expires_at' at row 1[39m
27-11-2025 15:12:22:1222 [31merror[39m: [31m❌ JWT expiré :[39m
27-11-2025 15:12:22:1222 [31merror[39m: [31m❌ JWT expiré :[39m
27-11-2025 15:12:39:1239 [31merror[39m: [31m❌ Erreur lors de la création de session : Error: Incorrect datetime value: '2025-11-27T15:12:39.027Z' for column 'expires_at' at row 1[39m
27-11-2025 15:12:39:1239 [31merror[39m: [31m❌ Erreur lors de la création de session : Error: Incorrect datetime value: '2025-11-27T15:12:39.028Z' for column 'expires_at' at row 1[39m
27-11-2025 15:30:39:3039 [31merror[39m: [31m❌ Erreur lors de la création de session : Error: Incorrect datetime value: '2025-11-27T15:30:39.275Z' for column 'expires_at' at row 1[39m
27-11-2025 15:30:39:3039 [31merror[39m: [31m❌ Erreur lors de la création de session : Error: Incorrect datetime value: '2025-11-27T15:30:39.283Z' for column 'expires_at' at row 1[39m
27-11-2025 21:05:26:526 [31merror[39m: [31m❌ JWT expiré :[39m
27-11-2025 21:05:26:526 [31merror[39m: [31m❌ JWT expiré :[39m
27-11-2025 21:05:26:526 [31merror[39m: [31m❌ JWT expiré :[39m
27-11-2025 21:05:26:526 [31merror[39m: [31m❌ JWT expiré :[39m
27-11-2025 21:05:26:526 [31merror[39m: [31m❌ JWT expiré :[39m
27-11-2025 23:21:02:212 [31merror[39m: [31m❌ Erreur lors de la création de session : Error: You have an error in your SQL syntax; check the manual that corresponds to your MySQL server version for the right syntax to use near 'sessions (code, owner_id, status, expires_at) values(?, ?, ?, ?)' at line 1[39m
27-11-2025 23:21:02:212 [31merror[39m: [31m❌ Erreur lors de la création de session : Error: You have an error in your SQL syntax; check the manual that corresponds to your MySQL server version for the right syntax to use near 'sessions (code, owner_id, status, expires_at) values(?, ?, ?, ?)' at line 1[39m
27-11-2025 23:21:36:2136 [31merror[39m: [31m❌ Erreur lors de la création de session : Error: You have an error in your SQL syntax; check the manual that corresponds to your MySQL server version for the right syntax to use near 'sessions (code, owner_id, status, expires_at) values(?, ?, ?, ?)' at line 1[39m
27-11-2025 23:21:36:2136 [31merror[39m: [31m❌ Erreur lors de la création de session : Error: You have an error in your SQL syntax; check the manual that corresponds to your MySQL server version for the right syntax to use near 'sessions (code, owner_id, status, expires_at) values(?, ?, ?, ?)' at line 1[39m
28-11-2025 10:15:48:1548 [31merror[39m: [31m❌ JWT expiré :[39m
28-11-2025 10:15:48:1548 [31merror[39m: [31m❌ JWT expiré :[39m
28-11-2025 10:15:48:1548 [31merror[39m: [31m❌ JWT expiré :[39m
28-11-2025 10:15:48:1548 [31merror[39m: [31m❌ JWT expiré :[39m
28-11-2025 10:15:48:1548 [31merror[39m: [31m❌ JWT expiré :[39m
28-11-2025 10:16:44:1644 [33mwarn[39m: [33m❌ Le mot de passe ne correspond pas au hash de la BDD.[39m
28-11-2025 10:16:54:1654 [31merror[39m: [31m❌ Erreur lors de la création de session : Error: You have an error in your SQL syntax; check the manual that corresponds to your MySQL server version for the right syntax to use near 'sessions (code, owner_id, status, expires_at) values(?, ?, ?, ?)' at line 1[39m
28-11-2025 10:16:54:1654 [31merror[39m: [31m❌ Erreur lors de la création de session : Error: You have an error in your SQL syntax; check the manual that corresponds to your MySQL server version for the right syntax to use near 'sessions (code, owner_id, status, expires_at) values(?, ?, ?, ?)' at line 1[39m
28-11-2025 10:31:06:316 [31merror[39m: [31m❌ Erreur lors de la création de session : Error: You have an error in your SQL syntax; check the manual that corresponds to your MySQL server version for the right syntax to use near 'sessions (code, owner_id, status, expires_at) values(?, ?, ?, ?)' at line 1[39m
28-11-2025 10:31:06:316 [31merror[39m: [31m❌ Erreur lors de la création de session : Error: You have an error in your SQL syntax; check the manual that corresponds to your MySQL server version for the right syntax to use near 'sessions (code, owner_id, status, expires_at) values(?, ?, ?, ?)' at line 1[39m
28-11-2025 10:31:24:3124 [31merror[39m: [31m❌ Erreur lors de la création de session : Error: You have an error in your SQL syntax; check the manual that corresponds to your MySQL server version for the right syntax to use near 'sessions (code, owner_id, status, expires_at) values(?, ?, ?, ?)' at line 1[39m
28-11-2025 10:31:24:3124 [31merror[39m: [31m❌ Erreur lors de la création de session : Error: You have an error in your SQL syntax; check the manual that corresponds to your MySQL server version for the right syntax to use near 'sessions (code, owner_id, status, expires_at) values(?, ?, ?, ?)' at line 1[39m
28-11-2025 10:31:27:3127 [31merror[39m: [31m❌ Erreur lors de la création de session : Error: You have an error in your SQL syntax; check the manual that corresponds to your MySQL server version for the right syntax to use near 'sessions (code, owner_id, status, expires_at) values(?, ?, ?, ?)' at line 1[39m
28-11-2025 10:31:27:3127 [31merror[39m: [31m❌ Erreur lors de la création de session : Error: You have an error in your SQL syntax; check the manual that corresponds to your MySQL server version for the right syntax to use near 'sessions (code, owner_id, status, expires_at) values(?, ?, ?, ?)' at line 1[39m
28-11-2025 10:31:28:3128 [31merror[39m: [31m❌ Erreur lors de la création de session : Error: You have an error in your SQL syntax; check the manual that corresponds to your MySQL server version for the right syntax to use near 'sessions (code, owner_id, status, expires_at) values(?, ?, ?, ?)' at line 1[39m
28-11-2025 10:31:28:3128 [31merror[39m: [31m❌ Erreur lors de la création de session : Error: You have an error in your SQL syntax; check the manual that corresponds to your MySQL server version for the right syntax to use near 'sessions (code, owner_id, status, expires_at) values(?, ?, ?, ?)' at line 1[39m
28-11-2025 10:31:28:3128 [31merror[39m: [31m❌ Erreur lors de la création de session : Error: You have an error in your SQL syntax; check the manual that corresponds to your MySQL server version for the right syntax to use near 'sessions (code, owner_id, status, expires_at) values(?, ?, ?, ?)' at line 1[39m
28-11-2025 10:31:28:3128 [31merror[39m: [31m❌ Erreur lors de la création de session : Error: You have an error in your SQL syntax; check the manual that corresponds to your MySQL server version for the right syntax to use near 'sessions (code, owner_id, status, expires_at) values(?, ?, ?, ?)' at line 1[39m
28-11-2025 10:31:29:3129 [31merror[39m: [31m❌ Erreur lors de la création de session : Error: You have an error in your SQL syntax; check the manual that corresponds to your MySQL server version for the right syntax to use near 'sessions (code, owner_id, status, expires_at) values(?, ?, ?, ?)' at line 1[39m
28-11-2025 10:31:29:3129 [31merror[39m: [31m❌ Erreur lors de la création de session : Error: You have an error in your SQL syntax; check the manual that corresponds to your MySQL server version for the right syntax to use near 'sessions (code, owner_id, status, expires_at) values(?, ?, ?, ?)' at line 1[39m
28-11-2025 14:29:58:2958 [31merror[39m: [31m❌ JWT expiré :[39m
28-11-2025 14:29:58:2958 [31merror[39m: [31m❌ JWT expiré :[39m
28-11-2025 14:29:58:2958 [31merror[39m: [31m❌ JWT expiré :[39m
28-11-2025 14:29:58:2958 [31merror[39m: [31m❌ JWT expiré :[39m
28-11-2025 14:29:58:2958 [31merror[39m: [31m❌ JWT expiré :[39m
28-11-2025 16:18:09:189 [31merror[39m: [31m❌ JWT expiré :[39m
28-11-2025 16:18:09:189 [31merror[39m: [31m❌ JWT expiré :[39m
28-11-2025 16:18:09:189 [31merror[39m: [31m❌ JWT expiré :[39m
28-11-2025 16:18:09:189 [31merror[39m: [31m❌ JWT expiré :[39m
28-11-2025 16:18:09:189 [31merror[39m: [31m❌ JWT expiré :[39m
28-11-2025 21:40:35:4035 [33mwarn[39m: [33m❌ Le mot de passe ne correspond pas au hash de la BDD.[39m
28-11-2025 21:40:40:4040 [33mwarn[39m: [33m❌ Le mot de passe ne correspond pas au hash de la BDD.[39m
28-11-2025 21:40:48:4048 [33mwarn[39m: [33m❌ Le mot de passe ne correspond pas au hash de la BDD.[39m
28-11-2025 21:40:53:4053 [33mwarn[39m: [33m❌ Le mot de passe ne correspond pas au hash de la BDD.[39m
28-11-2025 21:40:58:4058 [33mwarn[39m: [33m❌ Le mot de passe ne correspond pas au hash de la BDD.[39m
28-11-2025 21:41:14:4114 [33mwarn[39m: [33m❌ Token manquant.[39m
28-11-2025 21:52:55:5255 [33mwarn[39m: [33m❌ Token manquant.[39m
28-11-2025 21:53:06:536 [33mwarn[39m: [33m❌ Token manquant.[39m
28-11-2025 21:53:22:5322 [33mwarn[39m: [33m❌ Token manquant.[39m
28-11-2025 22:06:09:69 [33mwarn[39m: [33m❌ Le mot de passe ne correspond pas au hash de la BDD.[39m
28-11-2025 22:06:12:612 [33mwarn[39m: [33m❌ Le mot de passe ne correspond pas au hash de la BDD.[39m
28-11-2025 23:11:34:1134 [31merror[39m: [31m❌ JWT expiré :[39m
28-11-2025 23:11:34:1134 [31merror[39m: [31m❌ JWT expiré :[39m
28-11-2025 23:11:34:1134 [31merror[39m: [31m❌ JWT expiré :[39m
28-11-2025 23:11:34:1134 [31merror[39m: [31m❌ JWT expiré :[39m
28-11-2025 23:11:40:1140 [33mwarn[39m: [33m❌ Le mot de passe ne correspond pas au hash de la BDD.[39m
29-11-2025 03:40:02:402 [31merror[39m: [31m❌ JWT expiré :[39m
29-11-2025 03:40:02:402 [31merror[39m: [31m❌ JWT expiré :[39m
29-11-2025 03:40:02:402 [31merror[39m: [31m❌ JWT expiré :[39m
29-11-2025 03:40:02:402 [31merror[39m: [31m❌ JWT expiré :[39m
29-11-2025 13:30:04:304 [31merror[39m: [31m❌ JWT expiré :[39m
29-11-2025 13:30:04:304 [31merror[39m: [31m❌ JWT expiré :[39m
01-12-2025 07:06:54:654 [31merror[39m: [31m❌ JWT expiré :[39m
01-12-2025 07:06:54:654 [31merror[39m: [31m❌ JWT expiré :[39m
01-12-2025 07:06:54:654 [31merror[39m: [31m❌ JWT expiré :[39m
01-12-2025 07:06:54:654 [31merror[39m: [31m❌ JWT expiré :[39m
01-12-2025 08:04:35:435 [33mwarn[39m: [33m❌ Le mot de passe ne correspond pas au hash de la BDD.[39m
01-12-2025 08:15:43:1543 INFO: ➡️ Token décodé.
01-12-2025 08:15:43:1543 INFO: ➡️ Token décodé.
01-12-2025 08:15:45:1545 INFO: ➡️ Token décodé.
01-12-2025 08:15:45:1545 INFO: ➡️ Token décodé.
01-12-2025 08:16:16:1616 WARN: ❌ Le mot de passe ne correspond pas au hash de la BDD.
01-12-2025 08:16:24:1624 INFO: ✅ Connexion réussie, bienvenue ebenyoub
01-12-2025 08:16:24:1624 INFO: ➡️ Token décodé.
01-12-2025 08:16:24:1624 INFO: ➡️ Token décodé.
01-12-2025 08:16:29:1629 INFO: ➡️ Token décodé.
01-12-2025 08:16:29:1629 INFO: ➡️ Token décodé.
01-12-2025 08:16:30:1630 INFO: ➡️ Token décodé.
01-12-2025 08:16:30:1630 INFO: ➡️ Token décodé.
01-12-2025 08:16:30:1630 INFO: ➡️ Token décodé.
01-12-2025 08:16:30:1630 INFO: ➡️ Token décodé.
01-12-2025 08:16:57:1657 INFO: ➡️ Token décodé.
01-12-2025 08:16:57:1657 INFO: ➡️ Token décodé.
01-12-2025 08:16:57:1657 INFO: ➡️ Token décodé.
01-12-2025 08:16:57:1657 INFO: 🧹 13 session(s) expirée(s) fermée(s).
01-12-2025 08:16:57:1657 INFO: 🧹 13 session(s) expirée(s) fermée(s).
01-12-2025 08:16:57:1657 INFO: 🔐 Nouveau code généré : 8753
01-12-2025 08:16:57:1657 INFO: 🔐 Nouveau code généré : 3947
01-12-2025 08:16:57:1657 INFO: ℹ️sessionId : 28
01-12-2025 08:16:57:1657 INFO: ℹ️sessionId : 29
01-12-2025 08:17:19:1719 INFO: ➡️ Token décodé.
01-12-2025 08:18:14:1814 INFO: ➡️ Token décodé.
01-12-2025 08:18:14:1814 INFO: ➡️ Token décodé.
01-12-2025 08:18:14:1814 INFO: ➡️ Token décodé.
01-12-2025 08:18:14:1814 INFO: 🧹 13 session(s) expirée(s) fermée(s).
01-12-2025 08:18:14:1814 INFO: 🧹 13 session(s) expirée(s) fermée(s).
01-12-2025 08:18:25:1825 INFO: ➡️ Token décodé.
01-12-2025 08:18:27:1827 INFO: ➡️ Token décodé.
01-12-2025 08:18:27:1827 INFO: ➡️ Token décodé.
01-12-2025 08:18:27:1827 INFO: 🧹 13 session(s) expirée(s) fermée(s).
01-12-2025 08:18:27:1827 INFO: ➡️ Token décodé.
01-12-2025 08:18:27:1827 INFO: 🧹 13 session(s) expirée(s) fermée(s).
01-12-2025 08:18:54:1854 INFO: ➡️ Token décodé.
01-12-2025 08:18:54:1854 INFO: 🧹 13 session(s) expirée(s) fermée(s).
01-12-2025 08:18:54:1854 INFO: ➡️ Token décodé.
01-12-2025 08:18:55:1855 INFO: ➡️ Token décodé.
01-12-2025 08:18:55:1855 INFO: ➡️ Token décodé.
01-12-2025 08:18:55:1855 INFO: 🧹 13 session(s) expirée(s) fermée(s).
01-12-2025 08:48:26:4826 INFO: ✅ Connexion réussie, bienvenue ebenyoub
01-12-2025 08:48:26:4826 INFO: ➡️ Token décodé.
01-12-2025 08:48:26:4826 INFO: ℹ️ Récupération de l'id de l'utilisateur.
01-12-2025 08:48:26:4826 INFO: ➡️ Token décodé.
01-12-2025 08:48:26:4826 INFO: ℹ️ Récupération de l'id de l'utilisateur.
01-12-2025 08:49:09:499 INFO: ➡️ Token décodé.
01-12-2025 08:49:09:499 INFO: ℹ️ Récupération de l'id de l'utilisateur.
01-12-2025 08:49:10:4910 INFO: ➡️ Token décodé.
01-12-2025 08:49:10:4910 INFO: ➡️ Token décodé.
01-12-2025 08:49:10:4910 INFO: ℹ️ Récupération de l'id de l'utilisateur.
01-12-2025 08:49:10:4910 INFO: 🧹 13 session(s) expirée(s) fermée(s).
01-12-2025 08:49:50:4950 INFO: ➡️ Token décodé.
01-12-2025 08:49:50:4950 INFO: ℹ️ Récupération de l'id de l'utilisateur.
01-12-2025 08:49:53:4953 INFO: ➡️ Token décodé.
01-12-2025 08:49:53:4953 INFO: ➡️ Token décodé.
01-12-2025 08:49:53:4953 INFO: ℹ️ Récupération de l'id de l'utilisateur.
01-12-2025 08:49:53:4953 INFO: 🧹 13 session(s) expirée(s) fermée(s).
01-12-2025 09:35:59:3559 INFO: ➡️ Token décodé.
01-12-2025 09:35:59:3559 INFO: ℹ️ Récupération de l'id de l'utilisateur.
01-12-2025 09:36:00:360 INFO: ➡️ Token décodé.
01-12-2025 09:36:00:360 INFO: ➡️ Token décodé.
01-12-2025 09:36:00:360 INFO: ℹ️ Récupération de l'id de l'utilisateur.
01-12-2025 09:36:00:360 INFO: 🧹 15 session(s) expirée(s) fermée(s).
01-12-2025 09:36:00:360 INFO: 🔐 Nouveau code généré : 7201
01-12-2025 09:36:00:360 INFO: ℹ️sessionId : 30
01-12-2025 09:36:35:3635 INFO: ➡️ Token décodé.
01-12-2025 09:36:35:3635 INFO: 🧹 15 session(s) expirée(s) fermée(s).
01-12-2025 09:36:35:3635 INFO: ➡️ Token décodé.
01-12-2025 09:36:35:3635 INFO: ℹ️ Récupération de l'id de l'utilisateur.
01-12-2025 09:36:38:3638 INFO: ➡️ Token décodé.
01-12-2025 09:36:38:3638 INFO: ➡️ Token décodé.
01-12-2025 09:36:38:3638 INFO: ℹ️ Récupération de l'id de l'utilisateur.
01-12-2025 09:36:38:3638 INFO: 🧹 15 session(s) expirée(s) fermée(s).
01-12-2025 09:36:40:3640 INFO: ➡️ Token décodé.
01-12-2025 09:36:40:3640 INFO: ➡️ Token décodé.
01-12-2025 09:36:40:3640 INFO: ℹ️ Récupération de l'id de l'utilisateur.
01-12-2025 09:36:40:3640 INFO: 🧹 15 session(s) expirée(s) fermée(s).
01-12-2025 09:47:07:477 INFO: ➡️ Token décodé.
01-12-2025 09:47:07:477 INFO: ➡️ Token décodé.
01-12-2025 09:47:07:477 INFO: ℹ️ Récupération de l'id de l'utilisateur.
01-12-2025 09:47:41:4741 INFO: ✅ Connexion réussie, bienvenue ebenyoub
01-12-2025 09:47:41:4741 INFO: ➡️ Token décodé.
01-12-2025 09:47:41:4741 INFO: ℹ️ Récupération de l'id de l'utilisateur.
01-12-2025 09:47:41:4741 INFO: ➡️ Token décodé.
01-12-2025 09:47:41:4741 INFO: ℹ️ Récupération de l'id de l'utilisateur.
01-12-2025 09:47:52:4752 INFO: ➡️ Token décodé.
01-12-2025 09:47:52:4752 INFO: ➡️ Token décodé.
01-12-2025 09:47:52:4752 INFO: ℹ️ Récupération de l'id de l'utilisateur.
01-12-2025 09:48:07:487 INFO: ➡️ Token décodé.
01-12-2025 09:48:07:487 INFO: ℹ️ Récupération de l'id de l'utilisateur.
01-12-2025 09:51:35:5135 INFO: ➡️ Token décodé.
01-12-2025 09:51:35:5135 INFO: ➡️ Token décodé.
01-12-2025 09:51:35:5135 INFO: ℹ️ Récupération de l'id de l'utilisateur.
01-12-2025 09:51:45:5145 INFO: ➡️ Token décodé.
01-12-2025 09:51:45:5145 INFO: ℹ️ Récupération de l'id de l'utilisateur.
01-12-2025 09:51:50:5150 INFO: ➡️ Token décodé.
01-12-2025 10:06:05:65 INFO: ➡️ Token décodé.
01-12-2025 10:06:05:65 INFO: ℹ️ Récupération de l'id de l'utilisateur.
01-12-2025 10:06:08:68 INFO: ➡️ Token décodé.
01-12-2025 10:06:08:68 INFO: ℹ️ Récupération de l'id de l'utilisateur.
01-12-2025 10:06:09:69 INFO: ➡️ Token décodé.
01-12-2025 10:06:09:69 INFO: ℹ️ Récupération de l'id de l'utilisateur.
01-12-2025 10:06:21:621 ERROR: ❌ Le mot de passe ne correspond pas au hash de la BDD.
01-12-2025 10:06:26:626 INFO: ✅ Connexion réussie, bienvenue ebenyoub
01-12-2025 10:06:26:626 INFO: ➡️ Token décodé.
01-12-2025 10:06:26:626 INFO: ℹ️ Récupération de l'id de l'utilisateur.
01-12-2025 10:06:26:626 INFO: ➡️ Token décodé.
01-12-2025 10:06:26:626 INFO: ℹ️ Récupération de l'id de l'utilisateur.
01-12-2025 10:08:43:843 ERROR: ❌ Le mot de passe ne correspond pas au hash de la BDD.
01-12-2025 10:08:53:853 INFO: ✅ Connexion réussie, bienvenue ebenyoub
01-12-2025 10:12:55:1255 INFO: ✅ Session active récupérée.
01-12-2025 10:14:12:1412 INFO: ✅ Session active récupérée. Code => 7201
01-12-2025 10:18:41:1841 INFO: 🔐 Nouveau code généré : 3392
01-12-2025 10:18:41:1841 INFO: ℹ️sessionId : 31
01-12-2025 10:20:06:206 INFO: ✅ Connexion réussie, bienvenue ebenyoub
01-12-2025 10:20:10:2010 INFO: 🔐 Nouveau code généré : 7776
01-12-2025 10:20:10:2010 INFO: ℹ️sessionId : 32
01-12-2025 10:24:49:2449 ERROR: ❌ JWT expiré :
01-12-2025 10:25:00:250 INFO: ✅ Connexion réussie, bienvenue Alex Rider
01-12-2025 10:27:49:2749 ERROR: ❌ Aucune session ne correcpond à ce code : ${code}
01-12-2025 10:28:14:2814 ERROR: ❌ Aucune session ne correcpond à ce code : 7773
01-12-2025 10:28:30:2830 INFO: Insertion : [object Object]
01-12-2025 10:29:39:2939 INFO: Insertion : 
01-12-2025 10:29:59:2959 INFO: Insertion : 0
01-12-2025 10:30:15:3015 INFO: Insertion : 13
01-12-2025 10:30:19:3019 INFO: Insertion : 14
01-12-2025 10:30:20:3020 INFO: Insertion : 15
01-12-2025 10:33:58:3358 INFO: ℹ️ Session récupéré pour jointure.
01-12-2025 10:33:58:3358 INFO: Insertion : 16
01-12-2025 10:43:24:4324 INFO: ℹ️ Session récupéré pour jointure.
01-12-2025 10:43:24:4324 INFO: Insertion : 17
01-12-2025 10:43:39:4339 INFO: ℹ️ Session récupéré pour jointure.
01-12-2025 10:43:39:4339 INFO: Insertion : 18
01-12-2025 10:45:36:4536 INFO: ℹ️ Session récupéré pour jointure.
01-12-2025 10:45:36:4536 INFO: Insertion : 19
01-12-2025 11:24:39:2439 ERROR: ❌ JWT expiré :
01-12-2025 11:24:39:2439 ERROR: ❌ JWT expiré :
01-12-2025 11:24:49:2449 INFO: ✅ Connexion réussie, bienvenue ebenyoub
01-12-2025 11:24:52:2452 INFO: 🧹 1 session(s) expirée(s) fermée(s).
01-12-2025 11:24:52:2452 INFO: 🔐 Nouveau code généré : 7207
01-12-2025 11:24:52:2452 INFO: ℹ️sessionId : 33
01-12-2025 11:25:00:250 INFO: ✅ Session active récupérée. Code => 7207
01-12-2025 11:25:08:258 ERROR: ❌ JWT expiré :
01-12-2025 11:25:14:2514 ERROR: ❌ JWT expiré :
01-12-2025 11:25:24:2524 INFO: ✅ Connexion réussie, bienvenue Alex Rider
01-12-2025 11:25:37:2537 INFO: ℹ️ Session récupéré pour jointure : 33
01-12-2025 11:25:37:2537 INFO: Insertion : 20
01-12-2025 11:25:44:2544 INFO: ℹ️ Session récupéré pour jointure : 33
01-12-2025 11:25:44:2544 INFO: Insertion : 21
01-12-2025 11:25:45:2545 INFO: ℹ️ Session récupéré pour jointure : 33
01-12-2025 11:25:45:2545 INFO: Insertion : 22
01-12-2025 11:27:42:2742 INFO: ℹ️ Session récupéré pour jointure : 33
01-12-2025 11:27:42:2742 INFO: Insertion : 23
01-12-2025 11:27:50:2750 INFO: ℹ️ Session récupéré pour jointure : 33
01-12-2025 11:27:50:2750 INFO: Insertion : 24
01-12-2025 11:41:41:4141 INFO: ℹ️ Session récupéré pour jointure : 33
01-12-2025 11:41:41:4141 WARN: L'utilisateur 46 à déjà rejoint la session 33
01-12-2025 11:42:27:4227 INFO: ℹ️ Session récupéré pour jointure : 33
01-12-2025 11:42:27:4227 WARN: ⚠️ L'utilisateur 46 à déjà rejoint la session 33
01-12-2025 12:19:52:1952 INFO: ✅ Session active récupérée. Code => 7207
01-12-2025 12:20:43:2043 INFO: ✅ Session active récupérée. Code => 7207
01-12-2025 12:20:46:2046 INFO: ✅ Session active récupérée. Code => 7207
01-12-2025 12:20:51:2051 INFO: ✅ Session active récupérée. Code => 7207
01-12-2025 12:20:53:2053 INFO: ✅ Session active récupérée. Code => 7207
01-12-2025 12:21:13:2113 INFO: 🔐 Nouveau code généré : 4190
01-12-2025 12:21:13:2113 INFO: ℹ️sessionId : 34
01-12-2025 12:21:19:2119 INFO: ✅ Session active récupérée. Code => 4190
01-12-2025 12:21:22:2122 INFO: ✅ Session active récupérée. Code => 4190
01-12-2025 12:21:35:2135 INFO: ℹ️ Session récupéré pour jointure : 34
01-12-2025 12:21:35:2135 INFO: Insertion : 25
01-12-2025 12:22:24:2224 INFO: ℹ️ Session récupéré pour jointure : 34
01-12-2025 12:22:24:2224 WARN: ⚠️ L'utilisateur 46 à déjà rejoint la session 34
01-12-2025 12:22:44:2244 INFO: ℹ️ Session récupéré pour jointure : 33
01-12-2025 12:22:44:2244 WARN: ⚠️ L'utilisateur 46 à déjà rejoint la session 33
01-12-2025 13:05:43:543 ERROR: ❌ JWT expiré :
01-12-2025 13:05:43:543 ERROR: ❌ JWT expiré :
01-12-2025 13:08:22:822 ERROR: ❌ JWT expiré :
01-12-2025 13:08:22:822 ERROR: ❌ JWT expiré :
01-12-2025 13:08:22:822 ERROR: ❌ JWT expiré :
01-12-2025 13:08:30:830 INFO: ✅ Connexion réussie, bienvenue ebenyoub
01-12-2025 13:08:32:832 INFO: 🧹 2 session(s) expirée(s) fermée(s).
01-12-2025 13:08:32:832 INFO: 🔐 Nouveau code généré : 1732
01-12-2025 13:08:32:832 INFO: ℹ️sessionId : 35
01-12-2025 13:08:45:845 INFO: ✅ Connexion réussie, bienvenue Alex Rider
01-12-2025 13:08:52:852 INFO: ℹ️ Session récupéré pour jointure : 35
01-12-2025 13:08:52:852 INFO: Insertion : 26
01-12-2025 13:11:42:1142 INFO: ✅ Connexion réussie, bienvenue ebenyoub
01-12-2025 13:11:45:1145 INFO: ✅ Session active récupérée. Code => 1732
01-12-2025 13:12:02:122 INFO: ✅ Connexion réussie, bienvenue Alex Rider
01-12-2025 13:12:11:1211 INFO: ℹ️ Session récupéré pour jointure : 35
01-12-2025 13:12:11:1211 WARN: ⚠️ L'utilisateur 46 à déjà rejoint la session 35
01-12-2025 13:43:48:4348 INFO: ✅ Session active récupérée. Code => 1732
01-12-2025 13:45:21:4521 INFO: ✅ Session active récupérée. Code => 1732
01-12-2025 13:45:50:4550 INFO: ℹ️ Session récupéré pour jointure : 35
01-12-2025 13:45:50:4550 WARN: ⚠️ L'utilisateur 46 à déjà rejoint la session 35
01-12-2025 13:46:14:4614 INFO: 🚀 Démarrage de la session 35
01-12-2025 13:46:19:4619 INFO: 🚀 Démarrage de la session 35
01-12-2025 13:46:21:4621 INFO: 🔌 Socket déconnecté: aMPH21yJXbCgCs-JAAAC
01-12-2025 13:46:25:4625 INFO: ℹ️ Session récupéré pour jointure : 35
01-12-2025 13:46:25:4625 WARN: ⚠️ L'utilisateur 46 à déjà rejoint la session 35
01-12-2025 13:47:08:478 INFO: 🔌 Socket déconnecté: ghvGK21FhE_02iyCAAAF
01-12-2025 13:47:10:4710 INFO: 🔌 Socket déconnecté: FvQO6gj8QUFI698ZAAAI
01-12-2025 13:47:11:4711 INFO: 🔌 Socket déconnecté: rYRjqqs1HZ-6Lo98AAAL
01-12-2025 13:48:12:4812 INFO: 🔌 Socket déconnecté: VNrbwZLsyxWOlq2JAAAO
01-12-2025 14:07:04:74 INFO: ✅ Connexion réussie, bienvenue ebenyoub
01-12-2025 14:07:06:76 INFO: ✅ Session active récupérée. Code => 1732
01-12-2025 14:07:19:719 INFO: ✅ Connexion réussie, bienvenue Alex Rider
01-12-2025 14:07:29:729 INFO: ℹ️ Session récupéré pour jointure : 35
01-12-2025 14:07:29:729 WARN: ⚠️ L'utilisateur 46 à déjà rejoint la session 35
01-12-2025 14:11:48:1148 INFO: 🧹 3 session(s) expirée(s) fermée(s).
01-12-2025 14:11:48:1148 INFO: 🔐 Nouveau code généré : 6086
01-12-2025 14:11:48:1148 INFO: ℹ️sessionId : 36
01-12-2025 14:12:09:129 WARN: ❌ Token manquant.
01-12-2025 14:12:37:1237 INFO: ✅ Connexion réussie, bienvenue Alex Rider
01-12-2025 14:12:40:1240 INFO: ℹ️ Session récupéré pour jointure : 36
01-12-2025 14:12:40:1240 INFO: Insertion : 27
01-12-2025 14:13:01:131 INFO: ℹ️ Session récupéré pour jointure : 36
01-12-2025 14:13:01:131 INFO: Insertion : 28
01-12-2025 14:31:09:319 INFO: ✅ Session active récupérée. Code => 6086
01-12-2025 14:31:10:3110 INFO: ✅ Session active récupérée. Code => 6086
01-12-2025 14:31:11:3111 INFO: ✅ Session active récupérée. Code => 6086
01-12-2025 14:35:00:350 INFO: ✅ Connexion réussie, bienvenue Alex Rider
01-12-2025 14:35:13:3513 INFO: ✅ Connexion réussie, bienvenue ebenyoub
01-12-2025 14:35:21:3521 INFO: ✅ Session active récupérée. Code => 6086
01-12-2025 14:35:26:3526 INFO: ℹ️ Session récupéré pour jointure : 36
01-12-2025 14:35:26:3526 WARN: ⚠️ L'utilisateur 46 à déjà rejoint la session 36
01-12-2025 14:36:18:3618 INFO: ✅ Connexion réussie, bienvenue Alex Rider
01-12-2025 14:36:29:3629 INFO: ℹ️ Session récupéré pour jointure : 36
01-12-2025 14:36:29:3629 WARN: ⚠️ L'utilisateur 46 à déjà rejoint la session 36
01-12-2025 14:45:21:4521 INFO: ✅ Session active récupérée. Code => 6086
01-12-2025 15:42:17:4217 ERROR: ❌ JWT expiré :
01-12-2025 15:42:17:4217 ERROR: ❌ JWT expiré :
01-12-2025 15:42:17:4217 ERROR: ❌ JWT expiré :
01-12-2025 15:42:25:4225 INFO: ✅ Connexion réussie, bienvenue ebenyoub
01-12-2025 15:42:44:4244 ERROR: ❌ Le mot de passe ne correspond pas au hash de la BDD.
01-12-2025 15:42:52:4252 INFO: ✅ Connexion réussie, bienvenue Alex Rider
01-12-2025 15:42:55:4255 INFO: 🧹 1 session(s) expirée(s) fermée(s).
01-12-2025 15:42:55:4255 INFO: 🔐 Nouveau code généré : 8055
01-12-2025 15:42:55:4255 INFO: ℹ️sessionId : 37
01-12-2025 15:43:01:431 INFO: 🧹 4 session(s) expirée(s) fermée(s).
01-12-2025 15:43:01:431 INFO: 🔐 Nouveau code généré : 3321
01-12-2025 15:43:01:431 INFO: ℹ️sessionId : 38
01-12-2025 15:43:05:435 INFO: ℹ️ Session récupéré pour jointure : 38
01-12-2025 15:43:05:435 INFO: Insertion : 29
01-12-2025 15:48:03:483 INFO: ✅ Session active récupérée. Code => 8055
01-12-2025 16:16:06:166 INFO: ✅ Session active récupérée. Code => 8055
01-12-2025 16:16:10:1610 INFO: ✅ Session active récupérée. Code => 8055
01-12-2025 16:16:17:1617 INFO: ✅ Session active récupérée. Code => 8055
01-12-2025 16:16:23:1623 INFO: ✅ Session active récupérée. Code => 8055
02-12-2025 15:46:10:4610 ERROR: ❌ JWT expiré :
02-12-2025 15:46:10:4610 ERROR: ❌ JWT expiré :
02-12-2025 15:51:10:5110 ERROR: ❌ Le mot de passe ne correspond pas au hash de la BDD.
02-12-2025 15:51:17:5117 ERROR: ❌ Le mot de passe ne correspond pas au hash de la BDD.
02-12-2025 15:51:24:5124 ERROR: ❌ Le mot de passe ne correspond pas au hash de la BDD.
02-12-2025 15:51:24:5124 ERROR: ❌ Le mot de passe ne correspond pas au hash de la BDD.
02-12-2025 15:51:25:5125 ERROR: ❌ Le mot de passe ne correspond pas au hash de la BDD.
02-12-2025 15:51:33:5133 ERROR: ❌ Le mot de passe ne correspond pas au hash de la BDD.
02-12-2025 15:51:51:5151 ERROR: ❌ Le mot de passe ne correspond pas au hash de la BDD.
02-12-2025 15:52:24:5224 ERROR: ❌ Le mot de passe ne correspond pas au hash de la BDD.
02-12-2025 15:53:23:5323 ERROR: ❌ Le mot de passe ne correspond pas au hash de la BDD.
02-12-2025 15:53:29:5329 ERROR: ❌ Le mot de passe ne correspond pas au hash de la BDD.
02-12-2025 15:54:05:545 ERROR: ❌ Le mot de passe ne correspond pas au hash de la BDD.
02-12-2025 15:56:58:5658 ERROR: ❌ Le mot de passe ne correspond pas au hash de la BDD.
02-12-2025 15:57:40:5740 ERROR: ❌ Le mot de passe ne correspond pas au hash de la BDD.
02-12-2025 15:58:08:588 ERROR: ❌ Le mot de passe ne correspond pas au hash de la BDD.
02-12-2025 16:02:16:216 ERROR: ❌ Le mot de passe ne correspond pas au hash de la BDD.
02-12-2025 16:05:18:518 ERROR: ❌ Le mot de passe ne correspond pas au hash de la BDD.
02-12-2025 16:06:21:621 ERROR: ❌ Le mot de passe ne correspond pas au hash de la BDD.
02-12-2025 16:06:39:639 ERROR: ❌ Le mot de passe ne correspond pas au hash de la BDD.
02-12-2025 16:07:21:721 ERROR: ❌ Le mot de passe ne correspond pas au hash de la BDD.
02-12-2025 16:08:40:840 ERROR: ❌ Le mot de passe ne correspond pas au hash de la BDD.
02-12-2025 16:11:46:1146 ERROR: ❌ Le mot de passe ne correspond pas au hash de la BDD.
02-12-2025 16:11:55:1155 ERROR: ❌ Le mot de passe ne correspond pas au hash de la BDD.
02-12-2025 16:11:56:1156 ERROR: ❌ Le mot de passe ne correspond pas au hash de la BDD.
02-12-2025 16:13:00:130 ERROR: ❌ Le mot de passe ne correspond pas au hash de la BDD.
02-12-2025 16:14:10:1410 ERROR: ❌ Le mot de passe ne correspond pas au hash de la BDD.
02-12-2025 16:14:20:1420 ERROR: ❌ Le mot de passe ne correspond pas au hash de la BDD.
02-12-2025 16:52:29:5229 ERROR: ❌ Le mot de passe ne correspond pas au hash de la BDD.
02-12-2025 16:52:46:5246 ERROR: ❌ Le mot de passe ne correspond pas au hash de la BDD.
02-12-2025 16:52:54:5254 ERROR: ❌ Le mot de passe ne correspond pas au hash de la BDD.
02-12-2025 16:52:59:5259 ERROR: ❌ Le mot de passe ne correspond pas au hash de la BDD.
02-12-2025 16:53:00:530 ERROR: ❌ Le mot de passe ne correspond pas au hash de la BDD.
02-12-2025 16:53:01:531 ERROR: ❌ Le mot de passe ne correspond pas au hash de la BDD.
02-12-2025 16:53:14:5314 ERROR: ❌ Le mot de passe ne correspond pas au hash de la BDD.
02-12-2025 16:53:19:5319 ERROR: ❌ Le mot de passe ne correspond pas au hash de la BDD.
02-12-2025 16:53:24:5324 ERROR: ❌ Le mot de passe ne correspond pas au hash de la BDD.
02-12-2025 16:53:24:5324 ERROR: ❌ Le mot de passe ne correspond pas au hash de la BDD.
02-12-2025 16:53:55:5355 ERROR: ❌ Le mot de passe ne correspond pas au hash de la BDD.
02-12-2025 16:54:07:547 ERROR: ❌ Le mot de passe ne correspond pas au hash de la BDD.
02-12-2025 16:54:22:5422 ERROR: ❌ Le mot de passe ne correspond pas au hash de la BDD.
02-12-2025 16:54:37:5437 ERROR: ❌ Le mot de passe ne correspond pas au hash de la BDD.
02-12-2025 16:56:10:5610 INFO: ✅ Connexion réussie, bienvenue ebenyoub
02-12-2025 16:57:20:5720 ERROR: ❌ Le mot de passe ne correspond pas au hash de la BDD.
02-12-2025 16:57:25:5725 INFO: ✅ Connexion réussie, bienvenue ebenyoub
02-12-2025 17:00:56:056 ERROR: ❌ Le mot de passe ne correspond pas au hash de la BDD.
02-12-2025 17:01:01:11 INFO: ✅ Connexion réussie, bienvenue ebenyoub
02-12-2025 20:31:46:3146 ERROR: ❌ Le mot de passe ne correspond pas au hash de la BDD.
02-12-2025 20:31:53:3153 INFO: ✅ Connexion réussie, bienvenue ebenyoub
02-12-2025 22:16:06:166 ERROR: ❌ JWT expiré :
02-12-2025 22:16:06:166 ERROR: ❌ JWT expiré :
02-12-2025 22:24:08:248 ERROR: ❌ Le mot de passe ne correspond pas au hash de la BDD.
02-12-2025 22:25:43:2543 ERROR: ❌ Le mot de passe ne correspond pas au hash de la BDD.
02-12-2025 22:25:47:2547 ERROR: ❌ [signup] Utilisateur non trouvé.
02-12-2025 22:25:54:2554 ERROR: ❌ Le mot de passe ne correspond pas au hash de la BDD.
02-12-2025 22:26:05:265 INFO: ✅ Connexion réussie, bienvenue ebenyoub
02-12-2025 22:26:12:2612 INFO: 🧹 5 session(s) expirée(s) fermée(s).
02-12-2025 22:26:12:2612 INFO: 🔐 Nouveau code généré : 8240
02-12-2025 22:26:12:2612 INFO: ℹ️sessionId : 39
02-12-2025 23:00:12:012 INFO: ✅ Connexion réussie, bienvenue ebenyoub
02-12-2025 23:03:59:359 ERROR: ❌ [signup] Utilisateur non trouvé.
02-12-2025 23:04:05:45 ERROR: ❌ Le mot de passe ne correspond pas au hash de la BDD.
02-12-2025 23:04:11:411 INFO: ✅ Connexion réussie, bienvenue ebenyoub
02-12-2025 23:06:01:61 ERROR: ❌ [signup] Utilisateur non trouvé.
02-12-2025 23:06:06:66 ERROR: ❌ [signup] Utilisateur non trouvé.
02-12-2025 23:06:11:611 ERROR: ❌ [signup] Utilisateur non trouvé.
02-12-2025 23:06:17:617 ERROR: ❌ [signup] Utilisateur non trouvé.
02-12-2025 23:06:45:645 ERROR: ❌ Le mot de passe ne correspond pas au hash de la BDD.
03-12-2025 09:08:05:85 ERROR: ❌ [signup] Utilisateur non trouvé.
03-12-2025 09:08:14:814 ERROR: ❌ [signup] Utilisateur non trouvé.
03-12-2025 09:08:18:818 INFO: ✅ Connexion réussie, bienvenue ebenyoub
03-12-2025 09:48:06:486 INFO: 🧹 6 session(s) expirée(s) fermée(s).
03-12-2025 09:48:06:486 INFO: 🔐 Nouveau code généré : 4301
03-12-2025 09:48:06:486 INFO: ℹ️sessionId : 40
03-12-2025 16:45:41:4541 ERROR: ❌ JWT expiré :
03-12-2025 16:45:41:4541 ERROR: ❌ JWT expiré :
03-12-2025 16:45:41:4541 ERROR: ❌ JWT expiré :
03-12-2025 16:45:51:4551 ERROR: ❌ [signup] Utilisateur non trouvé.
03-12-2025 16:45:56:4556 ERROR: ❌ Le mot de passe ne correspond pas au hash de la BDD.
03-12-2025 16:46:03:463 INFO: ✅ Connexion réussie, bienvenue ebenyoub
03-12-2025 16:46:16:4616 ERROR: ❌ [signup] Utilisateur non trouvé.
03-12-2025 16:46:23:4623 ERROR: ❌ Le mot de passe ne correspond pas au hash de la BDD.
03-12-2025 16:46:29:4629 INFO: ✅ Connexion réussie, bienvenue ebenyoub
03-12-2025 22:53:31:5331 ERROR: ❌ JWT expiré :
03-12-2025 22:53:31:5331 ERROR: ❌ JWT expiré :
03-12-2025 22:55:39:5539 ERROR: ❌ Le mot de passe ne correspond pas au hash de la BDD.
03-12-2025 22:55:53:5553 INFO: ✅ Connexion réussie, bienvenue ebenyoub
03-12-2025 22:56:48:5648 INFO: 🧹 7 session(s) expirée(s) fermée(s).
03-12-2025 22:56:48:5648 INFO: 🔐 Nouveau code généré : 2431
03-12-2025 22:56:48:5648 INFO: ℹ️sessionId : 41
03-12-2025 22:59:15:5915 INFO: ✅ Session active récupérée. Code => 2431
04-12-2025 15:30:12:3012 ERROR: ❌ JWT expiré :
04-12-2025 15:30:12:3012 ERROR: ❌ JWT expiré :
04-12-2025 17:07:07:77 ERROR: ❌ Username, email et mot de passe requis.
04-12-2025 17:07:09:79 ERROR: ❌ Username, email et mot de passe requis.
04-12-2025 17:07:18:718 ERROR: ❌ Username, email et mot de passe requis.
04-12-2025 17:11:52:1152 ERROR: ❌ Username, email et mot de passe requis.
04-12-2025 17:15:12:1512 ERROR: ❌ Username, email et mot de passe requis.
04-12-2025 17:31:22:3122 ERROR: ❌ Username, email et mot de passe requis.
04-12-2025 17:31:56:3156 ERROR: ❌ Username, email et mot de passe requis.
04-12-2025 17:31:57:3157 ERROR: ❌ Username, email et mot de passe requis.
04-12-2025 17:32:00:320 ERROR: ❌ Username, email et mot de passe requis.
04-12-2025 17:32:38:3238 INFO: ✅ Connexion réussie, bienvenue ebenyoub
04-12-2025 17:32:40:3240 INFO: 🧹 8 session(s) expirée(s) fermée(s).
04-12-2025 17:32:40:3240 INFO: 🔐 Nouveau code généré : 3936
04-12-2025 17:32:40:3240 INFO: ℹ️sessionId : 42
04-12-2025 17:32:58:3258 INFO: ✅ Connexion réussie, bienvenue Alex Rider
04-12-2025 17:33:12:3312 INFO: ℹ️ Session récupéré pour jointure : 42
04-12-2025 17:33:12:3312 INFO: Insertion : 30
07-07-2026 18:45:59:4559 WARN: ❌ Token manquant.
07-07-2026 18:45:59:4559 ERROR: ❌ Le pseudo et le mot de passe sont requis.
07-07-2026 18:45:59:4559 ERROR: ❌ [signup] Utilisateur non trouvé.
07-07-2026 18:45:59:4559 ERROR: ❌ Le mot de passe ne correspond pas au hash de la BDD.
07-07-2026 18:45:59:4559 INFO: ✅ Connexion réussie, bienvenue Elyas
07-07-2026 18:45:59:4559 ERROR: ❌ Erreur JWT: jwt malformed
07-07-2026 18:45:59:4559 ERROR: ❌ Username, email et mot de passe requis.
07-07-2026 18:45:59:4559 WARN: ❌ Token manquant.
07-07-2026 18:45:59:4559 ERROR: ❌ Erreur SQL lors de la connexion/création: ER_DUP_ENTRY
07-07-2026 18:45:59:4559 INFO: ✅ Création de l'utilisateur dans la BDD
07-07-2026 18:45:59:4559 INFO: ✅ Connexion réussie, bienvenue Elyas
07-07-2026 18:45:59:4559 ERROR: ❌ Le contenu de la carte est requis.
07-07-2026 18:45:59:4559 ERROR: ❌ Session introuvable : 1
07-07-2026 18:45:59:4559 INFO: ✅ Carte créée : 10
07-07-2026 18:45:59:4559 WARN: ❌ Token manquant.
07-07-2026 18:45:59:4559 ERROR: ❌ Session introuvable : 1
